
> temp-app@0.1.0 build
> next build

Γû▓ Next.js 16.1.6 (Turbopack)

  Creating an optimized production build ...
node.exe : 
At line:1 char:1
+ & "C:\Program 
Files\nodejs/node.exe" 
"C:\Program 
Files\nodejs/node_mo ...
+ ~~~~~~~~~~~~~~~~~~~~~~~~~~~~
~~~~~~~~~~~~~~~~~~~~~~~~~~~~~~
~~~~~~~~~~~
    + CategoryInfo          : 
    NotSpecified: (:String)   
  [], RemoteException
    + FullyQualifiedErrorId : 
    NativeCommandError
 
> Build error occurred
Error: Turbopack build failed 
with 1 errors:
./src/lib/data.ts:16212:3
Parsing ecmascript source 
code failed
[0m [90m 16210 |[39m     
[32m"growth"[39m[33m:[39m 
[32m"+8% Growth"[39m
 [90m 16211 |[39m   }
[31m[1m>[22m[39m[90m 
16212 |[39m   {
 [90m       |[39m   
[31m[1m^[22m[39m
 [90m 16213 |[39m   
[32m"name"[39m[33m:[39m 
[32m"BSc Administration 
(Accounting)"[39m[33m,[39m
 [90m 16214 |[39m   
[32m"score"[39m[33m:[39m 
[35m84[39m[33m,[39m
 [90m 16215 |[39m   
[32m"level"[39m[33m:[39m 
[32m"Very 
Cooked"[39m[33m,[39m[0m

Expected ',', got '{'

Import traces:
  Client Component Browser:
    ./src/lib/data.ts [Client 
Component Browser]
    ./src/app/HomeClient.tsx 
[Client Component Browser]
    ./src/app/HomeClient.tsx 
[Server Component]
    ./src/app/page.tsx 
[Server Component]

  Client Component SSR:
    ./src/lib/data.ts [Client 
Component SSR]
    ./src/app/HomeClient.tsx 
[Client Component SSR]
    ./src/app/HomeClient.tsx 
[Server Component]
    ./src/app/page.tsx 
[Server Component]


    at <unknown> 
(./src/lib/data.ts:16212:3)
